app/account/profile/profile-content.tsx(55,31): error TS2339: Property 'fullname' does not exist on type 'AuthenticatedUser'.
  Property 'fullname' does not exist on type 'StaffWithRole'.
app/account/profile/profile-content.tsx(57,33): error TS2339: Property 'birth_date' does not exist on type 'AuthenticatedUser'.
  Property 'birth_date' does not exist on type 'StaffWithRole'.
app/account/profile/profile-content.tsx(58,29): error TS2339: Property 'avatar' does not exist on type 'AuthenticatedUser'.
  Property 'avatar' does not exist on type 'StaffWithRole'.
app/account/profile/profile-content.tsx(67,48): error TS2339: Property 'membership_points' does not exist on type 'AuthenticatedUser'.
  Property 'membership_points' does not exist on type 'StaffWithRole'.
app/account/profile/profile-content.tsx(145,40): error TS2339: Property 'membership_points' does not exist on type 'AuthenticatedUser'.
  Property 'membership_points' does not exist on type 'StaffWithRole'.
app/account/profile/profile-content.tsx(171,51): error TS2339: Property 'avatar' does not exist on type 'AuthenticatedUser'.
  Property 'avatar' does not exist on type 'StaffWithRole'.
app/account/profile/profile-content.tsx(173,37): error TS2339: Property 'fullname' does not exist on type 'AuthenticatedUser'.
  Property 'fullname' does not exist on type 'StaffWithRole'.
app/account/profile/profile-content.tsx(184,32): error TS2339: Property 'fullname' does not exist on type 'AuthenticatedUser'.
  Property 'fullname' does not exist on type 'StaffWithRole'.
app/account/profile/profile-content.tsx(187,32): error TS2339: Property 'email' does not exist on type 'AuthenticatedUser'.
  Property 'email' does not exist on type 'StaffWithRole'.
app/account/profile/profile-content.tsx(214,37): error TS2339: Property 'registration_date' does not exist on type 'AuthenticatedUser'.
  Property 'registration_date' does not exist on type 'StaffWithRole'.
app/account/register/register-form.tsx(47,29): error TS2554: Expected 5 arguments, but got 3.
app/api/auth/profile/route.ts(68,9): error TS2322: Type '{ phone_number: string; email: string; password: string; fullname: string; birth_date: string; gender: Gender; avatar: string | null; membership_points: number; registration_date: string; }' is not assignable to type '{ phone_number: string; email: string; password: string; fullname: string; birth_date: string; gender: "male"; avatar: string; membership_points: number; registration_date: string; }'.
  Types of property 'gender' are incompatible.
    Type 'Gender' is not assignable to type '"male"'.
      Type '"female"' is not assignable to type '"male"'.
app/api/auth/register/route.ts(87,28): error TS2345: Argument of type '{ phone_number: string; email: string; password: string; fullname: string; birth_date: string; gender: Gender; avatar: string; membership_points: number; registration_date: string; }' is not assignable to parameter of type '{ phone_number: string; email: string; password: string; fullname: string; birth_date: string; gender: "male"; avatar: string; membership_points: number; registration_date: string; } | { phone_number: string; ... 7 more ...; registration_date: string; }'.
  Type '{ phone_number: string; email: string; password: string; fullname: string; birth_date: string; gender: Gender; avatar: string; membership_points: number; registration_date: string; }' is not assignable to type '{ phone_number: string; email: string; password: string; fullname: string; birth_date: string; gender: "female"; avatar: string; membership_points: number; registration_date: string; }'.
    Types of property 'gender' are incompatible.
      Type 'Gender' is not assignable to type '"female"'.
        Type '"male"' is not assignable to type '"female"'.
app/promotions/page.tsx(106,17): error TS2339: Property 'membership_points' does not exist on type 'AuthenticatedUser'.
  Property 'membership_points' does not exist on type 'StaffWithRole'.
app/promotions/page.tsx(108,21): error TS2339: Property 'membership_points' does not exist on type 'AuthenticatedUser'.
  Property 'membership_points' does not exist on type 'StaffWithRole'.
app/promotions/page.tsx(110,21): error TS2339: Property 'membership_points' does not exist on type 'AuthenticatedUser'.
  Property 'membership_points' does not exist on type 'StaffWithRole'.
app/promotions/page.tsx(341,32): error TS2339: Property 'membership_points' does not exist on type 'AuthenticatedUser'.
  Property 'membership_points' does not exist on type 'StaffWithRole'.
